// Jest Snapshot v1, https://goo.gl/fbAQLP

exports[`Doctors component renders correctly 1`] = `
<section
  className="w-full h-screen flex flex-col sm:justify-center gap-10 items-center pt-12 sm:pb-24"
>
  <div
    className="flex flex-col gap-4 justify-center"
  >
    <h2
      className="text-lg md:text-xl lg:text-2xl text-center font-bold"
    >
      Meet Our Physicians
    </h2>
    <div>
      <p
        className="text-xs md:text-base lg:text-lg"
      >
        Choose the doctor of your preference
      </p>
      <p
        className="text-xs md:text-base lg:text-lg"
      >
        to reserve an appointment
      </p>
    </div>
  </div>
  <div
    className="w-[740px]"
  >
    <div />
  </div>
</section>
`;
